---
source: tests/modules.rs
expression: "wasmiter::parse_module_sections(wasm.as_slice()).unwrap()"
---
[
    Ok(
        Type(
            [
                FuncType {
                    parameters: [
                        Ok(
                            I32,
                        ),
                    ],
                    results: [
                        Ok(
                            I32,
                        ),
                    ],
                },
            ],
        ),
    ),
    Ok(
        Function(
            [
                Ok(
                    TypeIdx(
                        0,
                    ),
                ),
            ],
        ),
    ),
    Ok(
        Export(
            [
                Ok(
                    Export {
                        name: "add_five",
                        kind: Function(
                            FuncIdx(
                                0,
                            ),
                        ),
                    },
                ),
            ],
        ),
    ),
    Ok(
        Code(
            [
                Ok(
                    Func {
                        locals: [],
                        body: [
                            Ok(
                                LocalGet(
                                    LocalIdx(
                                        0,
                                    ),
                                ),
                            ),
                            Ok(
                                I32Const(
                                    5,
                                ),
                            ),
                            Ok(
                                I32Add,
                            ),
                            Ok(
                                End,
                            ),
                        ],
                    },
                ),
            ],
        ),
    ),
]
