---
source: tests/names.rs
expression: "inputs.iter().map(|bytes| Name::try_from(*bytes)).collect::<Box<[_]>>()"
---
[
    Ok(
        "fd_write",
    ),
    Ok(
        "wasi_snapshot_preview1",
    ),
    Ok(
        "Hello World!",
    ),
    Ok(
        "abc",
    ),
    Ok(
        "\u{0}",
    ),
    Ok(
        "espa\u{F1}ol",
    ),
    Ok(
        "\u{420}\u{43E}\u{441}\u{441}\u{438}\u{44F}",
    ),
    Ok(
        "Fuerza A\u{E9}rea Mexicana",
    ),
    Ok(
        "\u{1F643}",
    ),
    Ok(
        "\u{FFFD}\u{FFFD}",
    ),
]
